// Jest Snapshot v1, https://goo.gl/fbAQLP

exports[`<App /> component should 1`] = `
<BrowserRouter>
  <Switch>
    <Route
      component={[Function]}
      exact={true}
      path="/"
    />
    <Route
      component={[Function]}
      path="/about"
    />
    <Route
      component={[Function]}
      path="/users"
    />
  </Switch>
</BrowserRouter>
`;
